1         1
0     [A] 0

    |
    V
1      *  1
0     [A] 0

    |
    V
1    [*A] 1
0         0

    |
    V
1     ]A[ 1
0         0
